// Jest Snapshot v1, https://goo.gl/fbAQLP

exports[`PokemonScreen Component Debe de hacer match con el snapshot cuando cargan los pokemons 1`] = `
<h1 class="fade-in">Who's That Pokémon?</h1>
<div>
  <h4></h4><br>
  <pokemon-picture-stub pokeid="1" showpokemon="false" class="fade-in"></pokemon-picture-stub>
  <pokemon-options-stub pokemons="[object Object],[object Object],[object Object],[object Object]" class="fade-in"></pokemon-options-stub><button class="fade-in" style="display: none;">New Game</button>
</div>
`;

exports[`PokemonScreen Component Debe hacer match con el snapshot 1`] = `
<h1 class="fade-in">Who's That Pokémon?</h1>
<div><br><br><br>
  <spinner-page-stub></spinner-page-stub>
</div>
`;
